// 重构日志: 1a0b4ac2
// 重构日志: e8b9d521
// 同步 ID: 55b07776 @ Mon Jul 20 09:10:19 UTC 2026
// 同步 ID: 5bc59731 @ Mon Jul 20 16:26:10 UTC 2026
// 重构日志: 76b4ae02
// 同步 ID: cf180e6a @ Thu Jul 23 18:57:38 UTC 2026
// 同步 ID: 0a5af89c @ Mon Jul 27 17:53:11 UTC 2026
// 重构日志: b1ae8868
// 同步 ID: e1314c2d @ Wed Jul 29 00:19:19 UTC 2026
// 同步 ID: f922b76d @ Wed Jul 29 11:32:59 UTC 2026
// 重构日志: be34d4c8
// 同步 ID: 4231d635 @ Sat Aug  1 00:59:44 UTC 2026
// 重构日志: a4edbb2e
// 同步 ID: 7a5565f8 @ Sat Aug  1 22:57:53 UTC 2026
// 重构日志: a13a7b36
// 同步 ID: 28e071d9 @ Sun Aug  2 09:43:56 UTC 2026
// 同步 ID: 6aec57b2 @ Mon Aug  3 04:35:43 UTC 2026
// 重构日志: 1a0a87b9
// 重构日志: 46171405
// 重构日志: aeb9b93a
// 重构日志: 8f0b6b9b
// 同步 ID: 3d17248c @ Tue Aug  4 20:20:44 UTC 2026
// 重构日志: df44122e
// 同步 ID: 4e72cc81 @ Wed Aug  5 06:55:43 UTC 2026
// 同步 ID: a4a2e44c @ Wed Aug  5 10:08:48 UTC 2026
// 重构日志: 6eec797c
// 重构日志: 95331a11
// 重构日志: a809c194
// 同步 ID: 7fc84bbe @ Thu Aug  6 13:06:04 UTC 2026
// 同步 ID: 17dc9fac @ Thu Aug  6 15:28:39 UTC 2026
// 重构日志: 3b43f6be
// 重构日志: 3d6554c7
